// Jest Snapshot v1, https://goo.gl/fbAQLP

exports[`An environment variables validation should return env variables 1`] = `
EnvironmentVariables {
  "DB_DATABASE": "config_manager_db",
  "DB_ENABLE_LOGGER": true,
  "DB_HOST": "localhost",
  "DB_PASSWORD": "password",
  "DB_PORT": 5432,
  "DB_USER": "root",
  "PORT": 3000,
}
`;
