// Jest Snapshot v1, https://goo.gl/fbAQLP

exports[`A Configurations db repository should create a configuration using the repository 1`] = `
Configuration {
  "key": "foo",
  "value": "bar",
}
`;

exports[`A Configurations db repository should get a configuration using the repository 1`] = `
Configuration {
  "key": "MyConfig",
  "value": "myValue",
}
`;

exports[`A Configurations db repository should get the configurations using the repository 1`] = `
[
  Configuration {
    "key": "MyConfig",
    "value": "myValue",
  },
]
`;
